// Jest Snapshot v1, https://goo.gl/fbAQLP

exports[`Main snapshot renders the loading screen 1`] = `
<ContextConsumer>
  <Component />
</ContextConsumer>
`;
