// Jest Snapshot v1, https://goo.gl/fbAQLP

exports[`Provider snapshot renders the loading screen 1`] = `
<Provider
  store={
    Object {
      "dispatch": [Function],
      "getState": [Function],
      "replaceReducer": [Function],
      "subscribe": [Function],
      Symbol(observable): [Function],
    }
  }
>
  <PersistGate
    loading={<AppLoading />}
    persistor={
      Object {
        "dispatch": [Function],
        "flush": [Function],
        "getState": [Function],
        "pause": [Function],
        "persist": [Function],
        "purge": [Function],
        "replaceReducer": [Function],
        "subscribe": [Function],
        Symbol(observable): [Function],
      }
    }
  >
    <Connect(lifecycle(Component)) />
  </PersistGate>
</Provider>
`;
