// Jest Snapshot v1, https://goo.gl/fbAQLP

exports[`>>>> PlayListEditorScreen - REACT-REDUX (Shallow + passing the {store} directly Snapshot 1`] = `
<ContextConsumer>
  <Component />
</ContextConsumer>
`;
