// Jest Snapshot v1, https://goo.gl/fbAQLP

exports[`renders correctly 1`] = `
<Text
  style={
    Object {
      "color": "#000",
      "fontFamily": "System",
      "fontSize": 16,
    }
  }
  uppercase={false}
>
  Snapshot test with Text Component!
</Text>
`;
